╭───────────────────────────────────────╮
│                                       │
│   Guardrail: Cost increase > $100     │
│                                       │
│   Total monthly cost:  $500           │
│   Status:              🛑 TRIGGERED   │
│                                       │
╰───────────────────────────────────────╯
