Project      Type                     Count  Monthly Cost
─            ─                        ─      ─  
web-app      google_compute_instance  1      $30.00
web-app      aws_instance             1      $20.00
web-app      aws_ebs_volume           1      $10.00
api-service  aws_lambda_function      1      $5.00
web-app      aws_s3_bucket            1      $0.00
