Address                      Type                 Project      Monthly Cost
aws_ebs_volume.data          aws_ebs_volume       web-app               $10
aws_instance.web             aws_instance         web-app               $20
aws_lambda_function.handler  aws_lambda_function  api-service            $5
aws_s3_bucket.logs           aws_s3_bucket        web-app                $0
